// Jest Snapshot v1, https://goo.gl/fbAQLP

exports[`should render App component correctly 1`] = `
<Fragment>
  404! - 
  <Link
    replace={false}
    to="/"
  >
    Go home
  </Link>
</Fragment>
`;
